---
source: src/output.rs
assertion_line: 285
expression: format_outputs(&sample)
---
FormatterOutputs {
    human: "[?] CPU: 1.00W  GPU: 0.50W  ANE: 0.00W  Combined: 1.50W | E-busy: 0.0%  P-busy: 0.0%  E-freq: 0.00GHz  P-freq: 0.00GHz",
    csv: "timestamp,cpu_power_w,gpu_power_w,ane_power_w,combined_power_w,sys_power_w,cpu_energy,gpu_energy,ane_energy,e_busy_ratio,p_busy_ratio,e_freq_ghz,p_freq_ghz,cpu_temp_c,gpu_temp_c,ram_total_bytes,ram_usage_bytes,swap_total_bytes,swap_usage_bytes,battery_percent\n,1.00,0.50,0.00,1.50,0.00,,,,0.0000,0.0000,0.00,0.00,,,,,,,",
    json: "{\"ane_energy\":null,\"ane_power_w\":0.0,\"battery_percent\":null,\"combined_power_w\":1.5,\"cpu_energy\":null,\"cpu_power_w\":1.0,\"cpu_temp_c\":null,\"e_busy_ratio\":null,\"e_freq_ghz\":null,\"gpu_energy\":null,\"gpu_power_w\":0.5,\"gpu_temp_c\":null,\"p_busy_ratio\":null,\"p_freq_ghz\":null,\"ram_total_bytes\":null,\"ram_usage_bytes\":null,\"swap_total_bytes\":null,\"swap_usage_bytes\":null,\"sys_power_w\":null,\"timestamp\":null}",
}
